actions/update-list.ts(26,31): error TS2339: Property 'list' does not exist on type 'typeof PrismaClient'.
app-backup/(platform)/board/[boardId]/_components/card-form.tsx(19,42): error TS2769: No overload matches this call.
  Overload 1 of 2, '(action: (state: ReturnType) => ReturnType | Promise<ReturnType>, initialState: ReturnType, permalink?: string | undefined): [state: ...]', gave the following error.
    Argument of type '(data: { title: string; boardId: string; listId: string; }) => Promise<ReturnType>' is not assignable to parameter of type '(state: ReturnType) => ReturnType | Promise<ReturnType>'.
      Types of parameters 'data' and 'state' are incompatible.
        Type 'ReturnType' is missing the following properties from type '{ title: string; boardId: string; listId: string; }': title, boardId, listId
  Overload 2 of 2, '(action: (state: ReturnType, payload: unknown) => ReturnType | Promise<ReturnType>, initialState: ReturnType, permalink?: string | undefined): [state: ...]', gave the following error.
    Argument of type '(data: { title: string; boardId: string; listId: string; }) => Promise<ReturnType>' is not assignable to parameter of type '(state: ReturnType, payload: unknown) => ReturnType | Promise<ReturnType>'.
      Types of parameters 'data' and 'state' are incompatible.
        Type 'ReturnType' is missing the following properties from type '{ title: string; boardId: string; listId: string; }': title, boardId, listId
app-backup/(platform)/board/[boardId]/_components/card-form.tsx(23,16): error TS2551: Property 'errors' does not exist on type 'ReturnType'. Did you mean 'error'?
app-backup/(platform)/board/[boardId]/_components/list-form.tsx(13,42): error TS2769: No overload matches this call.
  Overload 1 of 2, '(action: (state: ReturnType) => ReturnType | Promise<ReturnType>, initialState: ReturnType, permalink?: string | undefined): [state: ...]', gave the following error.
    Argument of type '(data: { title: string; boardId: string; }) => Promise<ReturnType>' is not assignable to parameter of type '(state: ReturnType) => ReturnType | Promise<ReturnType>'.
      Types of parameters 'data' and 'state' are incompatible.
        Type 'ReturnType' is missing the following properties from type '{ title: string; boardId: string; }': title, boardId
  Overload 2 of 2, '(action: (state: ReturnType, payload: unknown) => ReturnType | Promise<ReturnType>, initialState: ReturnType, permalink?: string | undefined): [state: ...]', gave the following error.
    Argument of type '(data: { title: string; boardId: string; }) => Promise<ReturnType>' is not assignable to parameter of type '(state: ReturnType, payload: unknown) => ReturnType | Promise<ReturnType>'.
      Types of parameters 'data' and 'state' are incompatible.
        Type 'ReturnType' is missing the following properties from type '{ title: string; boardId: string; }': title, boardId
app-backup/(platform)/board/[boardId]/_components/list-form.tsx(17,16): error TS2551: Property 'errors' does not exist on type 'ReturnType'. Did you mean 'error'?
app-backup/(platform)/board/[boardId]/_components/list-item-header.tsx(45,21): error TS2345: Argument of type 'RefObject<HTMLFormElement | null>' is not assignable to parameter of type 'RefObject<HTMLElement> | RefObject<HTMLElement>[]'.
  Type 'RefObject<HTMLFormElement | null>' is not assignable to type 'RefObject<HTMLElement>'.
    Type 'HTMLFormElement | null' is not assignable to type 'HTMLElement'.
      Type 'null' is not assignable to type 'HTMLElement'.
app-backup/(platform)/board/[boardId]/_components/list-item-header.tsx(57,18): error TS2353: Object literal may only specify known properties, and 'title' does not exist in type 'FormData'.
app-backup/(platform)/board/[boardId]/_components/list-item-header.tsx(81,11): error TS2322: Type '{ ref: RefObject<HTMLInputElement | null>; id: string; name: string; onBlur: () => void; defaultValue: string; className: string; }' is not assignable to type 'IntrinsicAttributes & FormInputProps & RefAttributes<HTMLInputElement>'.
  Property 'name' does not exist on type 'IntrinsicAttributes & FormInputProps & RefAttributes<HTMLInputElement>'.
app-backup/(platform)/board/[boardId]/_components/types.ts(2,26): error TS2307: Cannot find module '@/app/generated/prisma/wasm' or its corresponding type declarations.
app-backup/(platform)/board/[boardId]/_components/types.ts(3,27): error TS2307: Cannot find module '@/app/generated/prisma/wasm' or its corresponding type declarations.
app-backup/(platform)/dashboard/_components/create-board-form.tsx(21,42): error TS2769: No overload matches this call.
  Overload 1 of 2, '(action: (state: ActionState<{ title: string; image: string; }, { id: string; title: string; createdAt: Date; updatedAt: Date; orgId: string; imageId: string; imageThumbUrl: string; imageFullUrl: string; imageUserName: string; imageLinkHTML: string; userId: string | null; }>) => ActionState<...> | Promise<...>, initialState: ActionState<...>, permalink?: string | undefined): [state: ...]', gave the following error.
    Argument of type '(data: { title: string; image: string; }) => Promise<ActionState<{ title: string; image: string; }, { id: string; title: string; createdAt: Date; updatedAt: Date; orgId: string; imageId: string; imageThumbUrl: string; imageFullUrl: string; imageUserName: string; imageLinkHTML: string; userId: string | null; }>>' is not assignable to parameter of type '(state: ActionState<{ title: string; image: string; }, { id: string; title: string; createdAt: Date; updatedAt: Date; orgId: string; imageId: string; imageThumbUrl: string; imageFullUrl: string; imageUserName: string; imageLinkHTML: string; userId: string | null; }>) => ActionState<...> | Promise<...>'.
      Types of parameters 'data' and 'state' are incompatible.
        Type 'ActionState<{ title: string; image: string; }, { id: string; title: string; createdAt: Date; updatedAt: Date; orgId: string; imageId: string; imageThumbUrl: string; imageFullUrl: string; imageUserName: string; imageLinkHTML: string; userId: string | null; }>' is missing the following properties from type '{ title: string; image: string; }': title, image
  Overload 2 of 2, '(action: (state: ActionState<{ title: string; image: string; }, { id: string; title: string; createdAt: Date; updatedAt: Date; orgId: string; imageId: string; imageThumbUrl: string; imageFullUrl: string; imageUserName: string; imageLinkHTML: string; userId: string | null; }>, payload: unknown) => ActionState<...> | Promise<...>, initialState: ActionState<...>, permalink?: string | undefined): [state: ...]', gave the following error.
    Argument of type '(data: { title: string; image: string; }) => Promise<ActionState<{ title: string; image: string; }, { id: string; title: string; createdAt: Date; updatedAt: Date; orgId: string; imageId: string; imageThumbUrl: string; imageFullUrl: string; imageUserName: string; imageLinkHTML: string; userId: string | null; }>>' is not assignable to parameter of type '(state: ActionState<{ title: string; image: string; }, { id: string; title: string; createdAt: Date; updatedAt: Date; orgId: string; imageId: string; imageThumbUrl: string; imageFullUrl: string; imageUserName: string; imageLinkHTML: string; userId: string | null; }>, payload: unknown) => ActionState<...> | Promise<....'.
      Types of parameters 'data' and 'state' are incompatible.
        Type 'ActionState<{ title: string; image: string; }, { id: string; title: string; createdAt: Date; updatedAt: Date; orgId: string; imageId: string; imageThumbUrl: string; imageFullUrl: string; imageUserName: string; imageLinkHTML: string; userId: string | null; }>' is missing the following properties from type '{ title: string; image: string; }': title, image
app-backup/(platform)/dashboard/_components/create-board-form.tsx(37,18): error TS2551: Property 'errors' does not exist on type 'ActionState<{ title: string; image: string; }, { id: string; title: string; createdAt: Date; updatedAt: Date; orgId: string; imageId: string; imageThumbUrl: string; imageFullUrl: string; imageUserName: string; imageLinkHTML: string; userId: string | null; }>'. Did you mean 'error'?
app-backup/api/liveblocks-auth/route.ts(35,55): error TS2741: Property 'color' is missing in type '{ name: string; picture: string; }' but required in type '{ name: string; picture: string; color: string; }'.
app-backup/layout.tsx(2,31): error TS2307: Cannot find module '@/components/providers/theme-provider' or its corresponding type declarations.
components-backup/providers/room-provider.tsx(18,7): error TS2322: Type '{}' is not assignable to type '{ cursor: { x: number; y: number; } | null; } | ((roomId: string) => { cursor: { x: number; y: number; } | null; })'.
